 spIPC

 Timestamp is 458a453f (Thu Dec 21 16:26:39 2006)

 Preferred load address is 10000000

 Start         Length     Name                   Class
 0001:00000000 00000f1aH .rdata                  CODE
 0001:00000f1c 00000055H .rdata$debug            CODE
 0001:00000f74 00001358H .text                   CODE
 0001:000022cc 00000014H .idata$2                CODE
 0001:000022e0 00000014H .idata$3                CODE
 0001:000022f4 00000044H .idata$4                CODE
 0001:00002338 0000000cH .idata$6                CODE
 0001:00002350 00000126H .edata                  CODE
 0002:00000000 00000044H .idata$5                DATA
 0002:00000044 00000004H .bss                    DATA
 0003:00000000 00000118H .pdata                  DATA

  Address         Publics by Value              Rva+Base     Lib:Object

 0000:00000000       ___safe_se_handler_table   00000000     <absolute>
 0000:00000000       ___safe_se_handler_count   00000000     <absolute>
 0001:00000020       ??_C@_1EC@DLIOKIMM@?$AAS?$AAF?$AAI?$AAn?$AAF?$AAO?$AAu?$AAt?$AA?3?$AA?3?$AAA?$AAd?$AAd?$AAN?$AAo?$AAd?$AAe?$AA?5?$AAF?$AAI@ 10001020     SBuffer.obj
 0001:00000068       ??_C@_1HK@LLLCAHNG@?$AAT?$AAV?$AAB?$AA?3?$AA?3?$AA?5?$AAC?$AAo?$AAp?$AAy?$AA2?$AAF?$AAI?$AAF?$AAO?$AA?5?$AAi?$AAn?$AAv?$AAa@ 10001068     SBuffer.obj
 0001:000000e8       ??_C@_1EO@KNOBKDPF@?$AAT?$AAV?$AAB?$AA?3?$AA?3?$AA?5?$AAC?$AAo?$AAp?$AAy?$AA2?$AAF?$AAI?$AAF?$AAO?$AA?5?$AAn?$AAe?$AAw?$AA?5@ 100010e8     SBuffer.obj
 0001:00000138       ??_C@_1EG@IELAGPH@?$AAT?$AAV?$AAB?$AA?3?$AA?3?$AA?5?$AAC?$AAo?$AAp?$AAy?$AA2?$AAF?$AAI?$AAF?$AAO?$AA?5?$AAC?$AAo?$AAp?$AAy@ 10001138     SBuffer.obj
 0001:00000180       ??_C@_1DO@IHCIOPFP@?$AAT?$AAV?$AAB?$AA?3?$AA?3?$AA?5?$AAC?$AAo?$AAp?$AAy?$AA2?$AAF?$AAI?$AAF?$AAO?$AA?5?$AAA?$AAd?$AAd?$AAN@ 10001180     SBuffer.obj
 0001:000001c0       ??_C@_1EI@BNJDFNHC@?$AAS?$AAF?$AAI?$AAn?$AAF?$AAO?$AAu?$AAt?$AA?3?$AA?3?$AAD?$AAe?$AAl?$AAe?$AAt?$AAe?$AAN?$AAo?$AAd?$AAe@ 100011c0     SBuffer.obj
 0001:00000208       ??_C@_1EE@IOKOGDIN@?$AAS?$AAF?$AAI?$AAn?$AAF?$AAO?$AAu?$AAt?$AA?3?$AA?3?$AAD?$AAe?$AAl?$AAe?$AAt?$AAe?$AAN?$AAo?$AAd?$AAe@ 10001208     SBuffer.obj
 0001:00000250       ??_C@_1EI@BKPHCDOO@?$AAS?$AAF?$AAI?$AAn?$AAF?$AAO?$AAu?$AAt?$AA?3?$AA?3?$AAD?$AAe?$AAl?$AAe?$AAt?$AAe?$AAN?$AAo?$AAd?$AAe@ 10001250     SBuffer.obj
 0001:00000298       ??_C@_1HK@CBKAKLLK@?$AAT?$AAV?$AAB?$AA?3?$AA?3?$AA?5?$AAF?$AAI?$AAF?$AAO?$AAC?$AAo?$AAp?$AAy?$AA2?$AA?5?$AAi?$AAn?$AAv?$AAa@ 10001298     SBuffer.obj
 0001:00000318       ??_C@_1EE@PCLKFEBI@?$AAT?$AAV?$AAB?$AA?3?$AA?3?$AA?5?$AAF?$AAI?$AAF?$AAO?$AAC?$AAo?$AAp?$AAy?$AA2?$AA?5?$AAn?$AAo?$AA?5?$AAd@ 10001318     SBuffer.obj
 0001:00000360       ??_C@_1EG@FEJLKBHL@?$AAT?$AAV?$AAB?$AA?3?$AA?3?$AA?5?$AAF?$AAI?$AAF?$AAO?$AAC?$AAo?$AAp?$AAy?$AA2?$AA?5?$AAC?$AAo?$AAp?$AAy@ 10001360     SBuffer.obj
 0001:000003a8       ??_C@_19ICMGFFLC@?$AAf?$AAa?$AAi?$AAl?$AA?$AA@ 100013a8     spIPCClass.obj
 0001:000003b4       ??_C@_15FLLIJDNB@?$AAo?$AAk?$AA?$AA@ 100013b4     spIPCClass.obj
 0001:000003bc       ??_C@_17CJCAAGHE@?$AAI?$AAP?$AAC?$AA?$AA@ 100013bc     spIPCClass.obj
 0001:000003c8       ??_C@_1EG@OLKMGMPI@?$AA?$CF?$AAs?$AA?3?$AAS?$AAI?$AAP?$AAC?$AAL?$AAi?$AAs?$AAt?$AA?3?$AA?3?$AAG?$AAe?$AAt?$AAI?$AAn?$AAf?$AAo@ 100013c8     spIPCClass.obj
 0001:00000410       ??_C@_1EE@KHGONKJG@?$AA?$CF?$AAs?$AA?3?$AAS?$AAI?$AAP?$AAC?$AAL?$AAi?$AAs?$AAt?$AA?3?$AA?3?$AAG?$AAe?$AAt?$AAI?$AAP?$AAC?$AAW@ 10001410     spIPCClass.obj
 0001:00000454       ??_C@_1DM@GPOMANEK@?$AA?$CF?$AAs?$AA?3?$AAI?$AAP?$AAC?$AAH?$AAo?$AAs?$AAt?$AAT?$AAx?$AA?3?$AA?3?$AA?5?$AA?$CF?$AAd?$AA?5?$AAd?$AAa@ 10001454     spIPCClass.obj
 0001:00000490       ??_C@_1FI@IKFOGML@?$AA?$CF?$AAs?$AA?3?$AAS?$AAI?$AAP?$AAC?$AA?3?$AA?3?$AAF?$AAI?$AAF?$AAO?$AA2?$AAM?$AAe?$AAm?$AAM?$AAa?$AAp@ 10001490     spIPCClass.obj
 0001:000004e8       ??_C@_1GA@HLICJJPF@?$AA?$CF?$AAs?$AA?3?$AAS?$AAI?$AAP?$AAC?$AA?3?$AA?3?$AAM?$AAe?$AAm?$AAM?$AAa?$AAp?$AAF?$AAi?$AAl?$AAe?$AA2@ 100014e8     spIPCClass.obj
 0001:00000548       ??_C@_1EA@GIGHGHNP@?$AA?$CF?$AAs?$AA?3?$AAI?$AAP?$AAC?$AAC?$AAl?$AAi?$AAe?$AAn?$AAt?$AAR?$AAx?$AA?3?$AA?3?$AA?5?$AA?$CF?$AAd?$AA?5@ 10001548     spIPCClass.obj
 0001:00000588       ??_C@_1DE@DGPNOGEP@?$AA?$CF?$AAs?$AA?3?$AAS?$AAI?$AAP?$AAC?$AA?3?$AA?3?$AAH?$AAo?$AAs?$AAt?$AAT?$AAx?$AAT?$AAh?$AAr?$AAe?$AAa@ 10001588     spIPCClass.obj
 0001:000005bc       ??_C@_1DE@LIHCOBKM@?$AA?$CF?$AAs?$AA?3?$AAS?$AAI?$AAP?$AAC?$AA?3?$AA?3?$AAH?$AAo?$AAs?$AAt?$AAT?$AAx?$AAT?$AAh?$AAr?$AAe?$AAa@ 100015bc     spIPCClass.obj
 0001:000005f0       ??_C@_1DE@HENIOBDC@?$AA?$CF?$AAs?$AA?3?$AAS?$AAI?$AAP?$AAC?$AA?3?$AA?3?$AAH?$AAo?$AAs?$AAt?$AAT?$AAx?$AAT?$AAh?$AAr?$AAe?$AAa@ 100015f0     spIPCClass.obj
 0001:00000628       ??_C@_1FG@MOGAPDAO@?$AA?$CF?$AAs?$AA?3?$AAS?$AAI?$AAP?$AAC?$AA?3?$AA?3?$AAH?$AAo?$AAs?$AAt?$AAT?$AAx?$AAT?$AAh?$AAr?$AAe?$AAa@ 10001628     spIPCClass.obj
 0001:00000680       ??_C@_1EG@HPEOCJN@?$AA?$CF?$AAs?$AA?3?$AAS?$AAI?$AAP?$AAC?$AA?3?$AA?3?$AAH?$AAo?$AAs?$AAt?$AAT?$AAx?$AAT?$AAh?$AAr?$AAe?$AAa@ 10001680     spIPCClass.obj
 0001:000006c8       ??_C@_1BAK@DCLAGJGC@?$AA?$CF?$AAs?$AA?3?$AAS?$AAI?$AAP?$AAC?$AA?3?$AA?3?$AAS?$AAI?$AAP?$AAC?$AAI?$AAn?$AAi?$AAt?$AA?5?$AAd?$AAw@ 100016c8     spIPCClass.obj
 0001:000007d8       ??_C@_1FA@IKIGMFJH@?$AA?$CF?$AAs?$AA?3?$AAS?$AAI?$AAP?$AAC?$AAI?$AAn?$AAi?$AAt?$AA?3?$AA?3?$AAC?$AAr?$AAe?$AAa?$AAt?$AAe?$AAF@ 100017d8     spIPCClass.obj
 0001:00000828       ??_C@_1IE@FLPDLLAI@?$AA?$CF?$AAs?$AA?3?$AAS?$AAI?$AAP?$AAC?$AAI?$AAn?$AAi?$AAt?$AA?3?$AA?3?$AAf?$AAi?$AAl?$AAe?$AA?9?$AAm?$AAa@ 10001828     spIPCClass.obj
 0001:000008ac       ??_C@_1CG@DCJMBOFK@?$AAC?$AAr?$AAe?$AAa?$AAt?$AAe?$AAF?$AAi?$AAl?$AAe?$AAM?$AAa?$AAp?$AAp?$AAi?$AAn?$AAg?$AAW?$AA?$AA@ 100018ac     spIPCClass.obj
 0001:000008d4       ??_C@_1BM@LJMGGJM@?$AAM?$AAa?$AAp?$AAV?$AAi?$AAe?$AAw?$AAO?$AAf?$AAF?$AAi?$AAl?$AAe?$AA?$AA@ 100018d4     spIPCClass.obj
 0001:000008f0       ??_C@_1CA@EBIPHMJ@?$AAU?$AAn?$AAm?$AAa?$AAp?$AAV?$AAi?$AAe?$AAw?$AAO?$AAf?$AAF?$AAi?$AAl?$AAe?$AA?$AA@ 100018f0     spIPCClass.obj
 0001:00000910       ??_C@_1BI@CJKPFBEK@?$AAc?$AAo?$AAr?$AAe?$AAd?$AAl?$AAl?$AA?4?$AAd?$AAl?$AAl?$AA?$AA@ 10001910     spIPCClass.obj
 0001:00000928       ??_C@_1DI@NMDEACCC@?$AA?$CF?$AAs?$AA?3?$AAS?$AAI?$AAP?$AAC?$AAL?$AAi?$AAs?$AAt?$AA?3?$AA?3?$AAA?$AAd?$AAd?$AAI?$AAt?$AAe?$AAm@ 10001928     spIPCClass.obj
 0001:00000960       ??_C@_1DO@PBIAOJLC@?$AA?$CF?$AAs?$AA?3?$AAS?$AAI?$AAP?$AAC?$AAL?$AAi?$AAs?$AAt?$AA?3?$AA?3?$AAA?$AAd?$AAd?$AAI?$AAt?$AAe?$AAm@ 10001960     spIPCClass.obj
 0001:000009a0       ??_C@_1FE@JCHMOEEG@?$AA?$CF?$AAs?$AA?3?$AAS?$AAI?$AAP?$AAC?$AAL?$AAi?$AAs?$AAt?$AA?3?$AA?3?$AAA?$AAd?$AAd?$AAI?$AAt?$AAe?$AAm@ 100019a0     spIPCClass.obj
 0001:000009f8       ??_C@_1FA@IPBGIIEE@?$AA?$CF?$AAs?$AA?3?$AAS?$AAI?$AAP?$AAC?$AAL?$AAi?$AAs?$AAt?$AA?3?$AA?3?$AAA?$AAd?$AAd?$AAI?$AAt?$AAe?$AAm@ 100019f8     spIPCClass.obj
 0001:00000a48       ??_C@_1FC@INDBIKI@?$AA?$CF?$AAs?$AA?3?$AAS?$AAI?$AAP?$AAC?$AAL?$AAi?$AAs?$AAt?$AA?3?$AA?3?$AAA?$AAd?$AAd?$AAI?$AAt?$AAe?$AAm@ 10001a48     spIPCClass.obj
 0001:00000aa0       ??_C@_1EG@OJNPOPBB@?$AA?$CF?$AAs?$AA?3?$AAS?$AAI?$AAP?$AAC?$AAL?$AAi?$AAs?$AAt?$AA?3?$AA?3?$AAA?$AAd?$AAd?$AAI?$AAt?$AAe?$AAm@ 10001aa0     spIPCClass.obj
 0001:00000ae8       ??_C@_1EC@OGJDHGKI@?$AA?$CF?$AAs?$AA?3?$AAS?$AAI?$AAP?$AAC?$AAL?$AAi?$AAs?$AAt?$AA?3?$AA?3?$AAA?$AAd?$AAd?$AAI?$AAt?$AAe?$AAm@ 10001ae8     spIPCClass.obj
 0001:00000b30       ??_C@_1EA@EDKDMOM@?$AA?$CF?$AAs?$AA?3?$AAD?$AAl?$AAl?$AAM?$AAa?$AAi?$AAn?$AA?5?$AAD?$AAL?$AAL?$AA_?$AAP?$AAR?$AAO?$AAC?$AAE@ 10001b30     spIPC.obj
 0001:00000b70       ??_C@_1EA@KIIPPCAE@?$AA?$CF?$AAs?$AA?3?$AAD?$AAl?$AAl?$AAM?$AAa?$AAi?$AAn?$AA?5?$AAD?$AAL?$AAL?$AA_?$AAP?$AAR?$AAO?$AAC?$AAE@ 10001b70     spIPC.obj
 0001:00000bb0       ??_C@_1DO@NCHPOKFJ@?$AA?$CF?$AAs?$AA?3?$AAD?$AAl?$AAl?$AAM?$AAa?$AAi?$AAn?$AA?5?$AAD?$AAL?$AAL?$AA_?$AAT?$AAH?$AAR?$AAE?$AAA@ 10001bb0     spIPC.obj
 0001:00000bf0       ??_C@_1DO@HOMKCELB@?$AA?$CF?$AAs?$AA?3?$AAD?$AAl?$AAl?$AAM?$AAa?$AAi?$AAn?$AA?5?$AAD?$AAL?$AAL?$AA_?$AAT?$AAH?$AAR?$AAE?$AAA@ 10001bf0     spIPC.obj
 0001:00000c30       ??_C@_1CK@BMDEKFE@?$AA?$CF?$AAs?$AA?3?$AAD?$AAl?$AAl?$AAM?$AAa?$AAi?$AAn?$AA?5?$AAd?$AAe?$AAf?$AAa?$AAu?$AAl?$AAt?$AA?$AN?$AA?6@ 10001c30     spIPC.obj
 0001:00000c60       ??_C@_1EA@BADIDCGO@?$AA?$CF?$AAs?$AA?3?$AAI?$AAs?$AAN?$AAe?$AAw?$AAI?$AAP?$AAC?$AAi?$AAn?$AAf?$AAo?$AAI?$AAn?$AAd?$AAe?$AAx@ 10001c60     spIPC.obj
 0001:00000ca0       ??_C@_1BA@FJJBCNDC@?$AAi?$AAn?$AAv?$AAa?$AAl?$AAi?$AAd?$AA?$AA@ 10001ca0     spIPC.obj
 0001:00000cb0       ??_C@_1M@GNIDPJPI@?$AAv?$AAa?$AAl?$AAi?$AAd?$AA?$AA@ 10001cb0     spIPC.obj
 0001:00000cbc       ??_C@_1CM@CDFDDNH@?$AA?$CF?$AAs?$AA?3?$AAs?$AAp?$AAI?$AAP?$AAC?$AAI?$AAn?$AAi?$AAt?$AAH?$AAo?$AAs?$AAt?$AA?5?$AA?$CF?$AAs?$AA?$AN@ 10001cbc     spIPC.obj
 0001:00000ce8       ??_C@_19MNJLFGGC@?$AAF?$AAa?$AAi?$AAl?$AA?$AA@ 10001ce8     spIPC.obj
 0001:00000cf4       ??_C@_15FMBEJGOH@?$AAO?$AAk?$AA?$AA@ 10001cf4     spIPC.obj
 0001:00000cfc       ??_C@_1DM@OFHJPDHE@?$AA?$CF?$AAs?$AA?3?$AAs?$AAp?$AAI?$AAP?$AAC?$AAI?$AAn?$AAi?$AAt?$AAH?$AAo?$AAs?$AAt?$AA?5?$AAn?$AAo?$AAt@ 10001cfc     spIPC.obj
 0001:00000d38       ??_C@_1DA@NHHDDICE@?$AA?$CF?$AAs?$AA?3?$AAs?$AAp?$AAI?$AAP?$AAC?$AAI?$AAn?$AAi?$AAt?$AAC?$AAl?$AAi?$AAe?$AAn?$AAt?$AA?5?$AA?$CF@ 10001d38     spIPC.obj
 0001:00000d68       ??_C@_1EM@PNKMNACD@?$AA?$CF?$AAs?$AA?3?$AAs?$AAp?$AAI?$AAP?$AAC?$AAI?$AAn?$AAi?$AAt?$AAC?$AAl?$AAi?$AAe?$AAn?$AAt?$AA?5?$AAN@ 10001d68     spIPC.obj
 0001:00000db4       ??_C@_1DA@HDEJAGGN@?$AA?$CF?$AAs?$AA?3?$AAs?$AAp?$AAI?$AAP?$AAC?$AAD?$AAe?$AAI?$AAn?$AAi?$AAt?$AAH?$AAo?$AAs?$AAt?$AA?5?$AA?$CF@ 10001db4     spIPC.obj
 0001:00000de4       ??_C@_1DE@CDJEMGPB@?$AA?$CF?$AAs?$AA?3?$AAs?$AAp?$AAI?$AAP?$AAC?$AAD?$AAe?$AAI?$AAn?$AAi?$AAt?$AAC?$AAl?$AAi?$AAe?$AAn?$AAt@ 10001de4     spIPC.obj
 0001:00000e18       ??_C@_1CI@HFLLNAM@?$AA?$CF?$AAs?$AA?3?$AAs?$AAp?$AAI?$AAP?$AAC?$AAH?$AAo?$AAs?$AAt?$AAT?$AAx?$AA?5?$AA?$CF?$AAs?$AA?$AN?$AA?6?$AA?$AA@ 10001e18     spIPC.obj
 0001:00000e40       ??_C@_1CI@FEMKNEOI@?$AA?$CF?$AAs?$AA?3?$AAs?$AAp?$AAI?$AAP?$AAC?$AAH?$AAo?$AAs?$AAt?$AAR?$AAx?$AA?5?$AA?$CF?$AAs?$AA?$AN?$AA?6?$AA?$AA@ 10001e40     spIPC.obj
 0001:00000e68       ??_C@_1CM@CKPMLEGG@?$AA?$CF?$AAs?$AA?3?$AAs?$AAp?$AAI?$AAP?$AAC?$AAC?$AAl?$AAi?$AAe?$AAn?$AAt?$AAT?$AAx?$AA?5?$AA?$CF?$AAs?$AA?$AN@ 10001e68     spIPC.obj
 0001:00000e94       ??_C@_1CM@HJGNNNIC@?$AA?$CF?$AAs?$AA?3?$AAs?$AAp?$AAI?$AAP?$AAC?$AAC?$AAl?$AAi?$AAe?$AAn?$AAt?$AAR?$AAx?$AA?5?$AA?$CF?$AAs?$AA?$AN@ 10001e94     spIPC.obj
 0001:00000ec0       ??_C@_1CO@LBNDHLBC@?$AA?$CF?$AAs?$AA?3?$AAs?$AAp?$AAL?$AAi?$AAs?$AAt?$AAI?$AAP?$AAC?$AAi?$AAn?$AAd?$AAe?$AAx?$AA?5?$AA?$CF?$AAs@ 10001ec0     spIPC.obj
 0001:00000ef0       ??_C@_1CK@GDGJCPOH@?$AA?$CF?$AAs?$AA?3?$AAs?$AAp?$AAG?$AAe?$AAt?$AAI?$AAP?$AAC?$AAi?$AAn?$AAf?$AAo?$AA?5?$AA?$CF?$AAs?$AA?$AN?$AA?6@ 10001ef0     spIPC.obj
 0001:00000f74       ?SBuffer_Initail@SBuffer@@IAAHK@Z 10001f74 f   SBuffer.obj
 0001:00000fc4       ?SBuffer_DeInitail@SBuffer@@IAAHXZ 10001fc4 f   SBuffer.obj
 0001:00000ff4       ?Copy2Buffer@SBuffer@@QAAHPAEK@Z 10001ff4 f   SBuffer.obj
 0001:00001044       ?SFInFOut_Initail@SFInFOut@@IAAHK@Z 10002044 f   SBuffer.obj
 0001:00001080       ?GetCurFIFODepth@SFInFOut@@QAAKXZ 10002080 f   SBuffer.obj
 0001:00001088       ?AddNode@SFInFOut@@IAAHPAVSBufferNode@@@Z 10002088 f   SBuffer.obj
 0001:00001140       ?CopyBuffer2@SBuffer@@QAAHPAEK@Z 10002140 f   SBuffer.obj
 0001:00001180       ??0SFInFOut@@QAA@K@Z       10002180 f   SBuffer.obj
 0001:00001198       ?Copy2FIFO@SFInFOut@@QAAHPAEK@Z 10002198 f   SBuffer.obj
 0001:00001278       ?DeleteNode@SFInFOut@@IAAHPAVSBufferNode@@@Z 10002278 f   SBuffer.obj
 0001:00001360       ?FIFOCopy2@SFInFOut@@QAAKPAEK@Z 10002360 f   SBuffer.obj
 0001:00001430       ??0SIPCList@@QAA@XZ        10002430 f   spIPCClass.obj
 0001:00001454       ?GetInfoWithIndex@SIPCList@@QAAPAUT_SPIPC_INFO_STRUCT@@K@Z 10002454 f   spIPCClass.obj
 0001:000014c4       ?GetIPCWithIndex@SIPCList@@QAAPAXK@Z 100024c4 f   spIPCClass.obj
 0001:00001538       ?IPCHostTx@SIPC@@QAAHPAEK@Z 10002538 f   spIPCClass.obj
 0001:00001594       ?FIFO2MemMapFile@SIPC@@IAAKXZ 10002594 f   spIPCClass.obj
 0001:000015f0       ?MemMapFile2Out@SIPC@@IAAHPAEK@Z 100025f0 f   spIPCClass.obj
 0001:00001640       ?IPCClientRx@SIPC@@QAAKPAEK@Z 10002640 f   spIPCClass.obj
 0001:000016a8       ?HostTxThread@SIPC@@IAAKXZ 100026a8 f   spIPCClass.obj
 0001:00001794       ?HostTxThreadStub@SIPC@@KAKPAX@Z 10002794 f   spIPCClass.obj
 0001:0000179c       ?SIPCInit@SIPC@@IAAHK@Z    1000279c f   spIPCClass.obj
 0001:00001a5c       ?AddItem@SIPCList@@QAAHUT_SPIPC_INFO_STRUCT@@@Z 10002a5c f   spIPCClass.obj
 0001:00001c64       DllMain                    10002c64 f   spIPC.obj
 0001:00001cd8       ?InitIPCList@@YAHXZ        10002cd8 f   spIPC.obj
 0001:00001d20       ?IsNewIPCinfoIndexValid@@YAHUT_SPIPC_INFO_STRUCT@@@Z 10002d20 f   spIPC.obj
 0001:00001d90       ?spIPCInitHost@@YAHUT_SPIPC_INFO_STRUCT@@@Z 10002d90 f   spIPC.obj
 0001:00001e6c       ?spIPCInitClient@@YAHUT_SPIPC_INFO_STRUCT@@@Z 10002e6c f   spIPC.obj
 0001:00001f48       ?spIPCDeInitHost@@YAHUT_SPIPC_INFO_STRUCT@@@Z 10002f48 f   spIPC.obj
 0001:00001f74       ?spIPCDeInitClient@@YAHUT_SPIPC_INFO_STRUCT@@@Z 10002f74 f   spIPC.obj
 0001:00001fa0       ?spIPCHostTx@@YAHKPAEK@Z   10002fa0 f   spIPC.obj
 0001:00002018       ?spIPCHostRx@@YAKKPAEK@Z   10003018 f   spIPC.obj
 0001:00002044       ?spIPCClientTx@@YAHKPAEK@Z 10003044 f   spIPC.obj
 0001:00002070       ?spIPCClientRx@@YAKKPAEK@Z 10003070 f   spIPC.obj
 0001:000020e8       ?spListIPCindex@@YAHPAKK@Z 100030e8 f   spIPC.obj
 0001:00002114       ?spGetIPCinfo@@YA?AUT_SPIPC_INFO_STRUCT@@K@Z 10003114 f   spIPC.obj
 0001:000021cc       LocalAlloc                 100031cc f   coredll:COREDLL.dll
 0001:000021dc       InitializeCriticalSection  100031dc f   coredll:COREDLL.dll
 0001:000021ec       LocalFree                  100031ec f   coredll:COREDLL.dll
 0001:000021fc       DeleteCriticalSection      100031fc f   coredll:COREDLL.dll
 0001:0000220c       EnterCriticalSection       1000320c f   coredll:COREDLL.dll
 0001:0000221c       LeaveCriticalSection       1000321c f   coredll:COREDLL.dll
 0001:0000222c       memcpy                     1000322c f   coredll:COREDLL.dll
 0001:0000223c       NKDbgPrintfW               1000323c f   coredll:COREDLL.dll
 0001:0000224c       ??3@YAXPAX@Z               1000324c f   coredll:COREDLL.dll
 0001:0000225c       ??2@YAPAXI@Z               1000325c f   coredll:COREDLL.dll
 0001:0000226c       EventModify                1000326c f   coredll:COREDLL.dll
 0001:0000227c       WaitForMultipleObjects     1000327c f   coredll:COREDLL.dll
 0001:0000228c       CreateThread               1000328c f   coredll:COREDLL.dll
 0001:0000229c       GetProcAddressW            1000329c f   coredll:COREDLL.dll
 0001:000022ac       LoadLibraryW               100032ac f   coredll:COREDLL.dll
 0001:000022bc       CreateEventW               100032bc f   coredll:COREDLL.dll
 0001:000022cc       __IMPORT_DESCRIPTOR_COREDLL 100032cc     coredll:COREDLL.dll
 0001:000022e0       __NULL_IMPORT_DESCRIPTOR   100032e0     coredll:COREDLL.dll
 0002:00000000       __imp_LocalAlloc           10004000     coredll:COREDLL.dll
 0002:00000004       __imp_InitializeCriticalSection 10004004     coredll:COREDLL.dll
 0002:00000008       __imp_LocalFree            10004008     coredll:COREDLL.dll
 0002:0000000c       __imp_DeleteCriticalSection 1000400c     coredll:COREDLL.dll
 0002:00000010       __imp_EnterCriticalSection 10004010     coredll:COREDLL.dll
 0002:00000014       __imp_LeaveCriticalSection 10004014     coredll:COREDLL.dll
 0002:00000018       __imp_memcpy               10004018     coredll:COREDLL.dll
 0002:0000001c       __imp_NKDbgPrintfW         1000401c     coredll:COREDLL.dll
 0002:00000020       __imp_??3@YAXPAX@Z         10004020     coredll:COREDLL.dll
 0002:00000024       __imp_??2@YAPAXI@Z         10004024     coredll:COREDLL.dll
 0002:00000028       __imp_EventModify          10004028     coredll:COREDLL.dll
 0002:0000002c       __imp_WaitForMultipleObjects 1000402c     coredll:COREDLL.dll
 0002:00000030       __imp_CreateThread         10004030     coredll:COREDLL.dll
 0002:00000034       __imp_GetProcAddressW      10004034     coredll:COREDLL.dll
 0002:00000038       __imp_LoadLibraryW         10004038     coredll:COREDLL.dll
 0002:0000003c       __imp_CreateEventW         1000403c     coredll:COREDLL.dll
 0002:00000040       \177COREDLL_NULL_THUNK_DATA 10004040     coredll:COREDLL.dll

 entry point at        0001:00001c64

 Static symbols

