MPASM  5.22                          FREE.ASM   6-18-2009  21:55:11         PAGE  1


LOC  OBJECT CODE     LINE SOURCE TEXT
  VALUE

                      00001 ;===============================================================================
                      00002 ; This file is part of "Heap Management For Small Microcontrollers".
                      00003 ; v1.04 (2009-05-23)
                      00004 ; isaacbavaresco@yahoo.com.br
                      00005 ;===============================================================================
                      00006 ; Copyright (c) 2007-2009, Isaac Marino Bavaresco
                      00007 ; All rights reserved.
                      00008 ;
                      00009 ; Redistribution and use in source and binary forms, with or without
                      00010 ; modification, are permitted provided that the following conditions are met:
                      00011 ;     * Redistributions of source code must retain the above copyright
                      00012 ;       notice, this list of conditions and the following disclaimer.
                      00013 ;     * Neither the name of the author nor the
                      00014 ;       names of its contributors may be used to endorse or promote products
                      00015 ;       derived from this software without specific prior written permission.
                      00016 ;
                      00017 ; THIS SOFTWARE IS PROVIDED BY THE AUTHOR ''AS IS'' AND ANY
                      00018 ; EXPRESS OR IMPLIED WARRANTIES, INCLUDING, BUT NOT LIMITED TO, THE IMPLIED
                      00019 ; WARRANTIES OF MERCHANTABILITY AND FITNESS FOR A PARTICULAR PURPOSE ARE
                      00020 ; DISCLAIMED. IN NO EVENT SHALL THE AUTHOR BE LIABLE FOR ANY
                      00021 ; DIRECT, INDIRECT, INCIDENTAL, SPECIAL, EXEMPLARY, OR CONSEQUENTIAL DAMAGES
                      00022 ; (INCLUDING, BUT NOT LIMITED TO, PROCUREMENT OF SUBSTITUTE GOODS OR SERVICES;
                      00023 ; LOSS OF USE, DATA, OR PROFITS; OR BUSINESS INTERRUPTION) HOWEVER CAUSED AND
                      00024 ; ON ANY THEORY OF LIABILITY, WHETHER IN CONTRACT, STRICT LIABILITY, OR TORT
                      00025 ; (INCLUDING NEGLIGENCE OR OTHERWISE) ARISING IN ANY WAY OUT OF THE USE OF THIS
                      00026 ; SOFTWARE, EVEN IF ADVISED OF THE POSSIBILITY OF SUCH DAMAGE.
                      00027 ;===============================================================================
                      00028 #include <P18CXXX.INC>
                      00001         LIST
                      00002 ; P18CXXX.INC  Standard Header File, Microchip Technology, Inc.
                      00001         LIST
                      00002 
                      00003 ;==========================================================================
                      00004 ;  MPASM PIC18F2620 processor include
                      00005 ; 
                      00006 ;  (c) Copyright 1999-2007 Microchip Technology, All rights reserved
                      00007 ;==========================================================================
                      00008 
                      01203         LIST
                      00189   ENDIF
                      00190   IFDEF __18F2680
                      00191      INCLUDE <p18F2680.INC>
                      00192   ENDIF
                      00193   IFDEF __18F2682
                      00194      INCLUDE <p18F2682.INC>
                      00195   ENDIF
                      00196   IFDEF __18F2685
                      00197      INCLUDE <p18F2685.INC>
                      00198   ENDIF
                      00199   IFDEF __18F26J11
                      00200      INCLUDE <p18F26J11.INC>
                      00201   ENDIF
                      00202   IFDEF __18F26J50
MPASM  5.22                          FREE.ASM   6-18-2009  21:55:11         PAGE  2


LOC  OBJECT CODE     LINE SOURCE TEXT
  VALUE

                      00203      INCLUDE <p18F26J50.INC>
                      00204   ENDIF
                      00205   IFDEF __18F26K20
                      00206      INCLUDE <p18F26K20.INC>
                      00207   ENDIF
                      00208   IFDEF __18F4220
                      00209      INCLUDE <p18F4220.INC>
                      00210   ENDIF
                      00211   IFDEF __18F4221
                      00212      INCLUDE <p18F4221.INC>
                      00213   ENDIF
                      00214   IFDEF __18F4320
                      00215      INCLUDE <p18F4320.INC>
                      00216   ENDIF
                      00217   IFDEF __18F4321
                      00218      INCLUDE <p18F4321.INC>
                      00219   ENDIF
                      00220   IFDEF __18F4331
                      00221      INCLUDE <p18F4331.INC>
                      00222   ENDIF
                      00223   IFDEF __18F4410
                      00224      INCLUDE <p18F4410.INC>
                      00225   ENDIF
                      00226   IFDEF __18F442
                      00227      INCLUDE <p18F442.INC>
                      00228   ENDIF
                      00229   IFDEF __18F4420
                      00230      INCLUDE <p18F4420.INC>
                      00231   ENDIF
                      00232   IFDEF __18F4423
                      00233      INCLUDE <p18F4423.INC>
                      00234   ENDIF
                      00235   IFDEF __18F4431
                      00236      INCLUDE <p18F4431.INC>
                      00237   ENDIF
                      00238   IFDEF __18F4439
                      00239      INCLUDE <p18F4439.INC>
                      00240   ENDIF
                      00241   IFDEF __18F4450
                      00242      INCLUDE <p18F4450.INC>
                      00243   ENDIF
                      00244   IFDEF __18F4455
                      00245      INCLUDE <p18F4455.INC>
                      00246   ENDIF
                      00247   IFDEF __18F4458
                      00248      INCLUDE <p18F4458.INC>
                      00249   ENDIF
                      00250   IFDEF __18F448
                      00251      INCLUDE <p18F448.INC>
                      00252   ENDIF
                      00253   IFDEF __18F4480
                      00254      INCLUDE <p18F4480.INC>
                      00255   ENDIF
MPASM  5.22                          FREE.ASM   6-18-2009  21:55:11         PAGE  3


LOC  OBJECT CODE     LINE SOURCE TEXT
  VALUE

                      00256   IFDEF __18F44J10
                      00257      INCLUDE <p18F44J10.INC>
                      00258   ENDIF
                      00259   IFDEF __18F44J11
                      00260      INCLUDE <p18F44J11.INC>
                      00261   ENDIF
                      00262   IFDEF __18F44J50
                      00263      INCLUDE <p18F44J50.INC>
                      00264   ENDIF
                      00265   IFDEF __18F44K20
                      00266      INCLUDE <p18F44K20.INC>
                      00267   ENDIF
                      00268   IFDEF __18F4510
                      00269      INCLUDE <p18F4510.INC>
                      00270   ENDIF
                      00271   IFDEF __18F4515
                      00272      INCLUDE <p18F4515.INC>
                      00273   ENDIF
                      00274   IFDEF __18F452
                      00275      INCLUDE <p18F452.INC>
                      00276   ENDIF
                      00277   IFDEF __18F4520
                      00278      INCLUDE <p18F4520.INC>
                      00279   ENDIF
                      00280   IFDEF __18F4523
                      00281      INCLUDE <p18F4523.INC>
                      00282   ENDIF
                      00283   IFDEF __18F4525
                      00284      INCLUDE <p18F4525.INC>
                      00285   ENDIF
                      00286   IFDEF __18F4539
                      00287      INCLUDE <p18F4539.INC>
                      00288   ENDIF
                      00289   IFDEF __18F4550
                      00290      INCLUDE <p18F4550.INC>
                      00291   ENDIF
                      00292   IFDEF __18F4553
                      00293      INCLUDE <p18F4553.INC>
                      00294   ENDIF
                      00295   IFDEF __18F458
                      00296      INCLUDE <p18F458.INC>
                      00297   ENDIF
                      00298   IFDEF __18F4580
                      00299      INCLUDE <p18F4580.INC>
                      00300   ENDIF
                      00301   IFDEF __18F4585
                      00302      INCLUDE <p18F4585.INC>
                      00303   ENDIF
                      00304   IFDEF __18F45J10
                      00305      INCLUDE <p18F45J10.INC>
                      00306   ENDIF
                      00307   IFDEF __18F45J11
                      00308      INCLUDE <p18F45J11.INC>
MPASM  5.22                          FREE.ASM   6-18-2009  21:55:11         PAGE  4


LOC  OBJECT CODE     LINE SOURCE TEXT
  VALUE

                      00309   ENDIF
                      00310   IFDEF __18F45J50
                      00311      INCLUDE <p18F45J50.INC>
                      00312   ENDIF
                      00313   IFDEF __18F45K20
                      00314      INCLUDE <p18F45K20.INC>
                      00315   ENDIF
                      00316   IFDEF __18F4610
                      00317      INCLUDE <p18F4610.INC>
                      00318   ENDIF
                      00319   IFDEF __18F4620
                      00320      INCLUDE <p18F4620.INC>
                      00321   ENDIF
                      00322   IFDEF __18F4680
                      00323      INCLUDE <p18F4680.INC>
                      00324   ENDIF
                      00325   IFDEF __18F4682
                      00326      INCLUDE <p18F4682.INC>
                      00327   ENDIF
                      00328   IFDEF __18F4685
                      00329      INCLUDE <p18F4685.INC>
                      00330   ENDIF
                      00331   IFDEF __18F46J11
                      00332      INCLUDE <p18F46J11.INC>
                      00333   ENDIF
                      00334   IFDEF __18F46J50
                      00335      INCLUDE <p18F46J50.INC>
                      00336   ENDIF
                      00337   IFDEF __18F46K20
                      00338      INCLUDE <p18F46K20.INC>
                      00339   ENDIF
                      00340   IFDEF __18F6310
                      00341      INCLUDE <p18F6310.INC>
                      00342   ENDIF
                      00343   IFDEF __18F6390
                      00344      INCLUDE <p18F6390.INC>
                      00345   ENDIF
                      00346   IFDEF __18F6393
                      00347      INCLUDE <p18F6393.INC>
                      00348   ENDIF
                      00349   IFDEF __18F63J11
                      00350      INCLUDE <p18F63J11.INC>
                      00351   ENDIF
                      00352   IFDEF __18F63J90
                      00353      INCLUDE <p18F63J90.INC>
                      00354   ENDIF
                      00355   IFDEF __18F6410
                      00356      INCLUDE <p18F6410.INC>
                      00357   ENDIF
                      00358   IFDEF __18F6490
                      00359      INCLUDE <p18F6490.INC>
                      00360   ENDIF
                      00361   IFDEF __18F6493
MPASM  5.22                          FREE.ASM   6-18-2009  21:55:11         PAGE  5


LOC  OBJECT CODE     LINE SOURCE TEXT
  VALUE

                      00362      INCLUDE <p18F6493.INC>
                      00363   ENDIF
                      00364   IFDEF __18F64J11
                      00365      INCLUDE <p18F64J11.INC>
                      00366   ENDIF
                      00367   IFDEF __18F64J90
                      00368      INCLUDE <p18F64J90.INC>
                      00369   ENDIF
                      00370   IFDEF __18F6520
                      00371      INCLUDE <p18F6520.INC>
                      00372   ENDIF
                      00373   IFDEF __18F6525
                      00374      INCLUDE <p18F6525.INC>
                      00375   ENDIF
                      00376   IFDEF __18F6527
                      00377      INCLUDE <p18F6527.INC>
                      00378   ENDIF
                      00379   IFDEF __18F6585
                      00380      INCLUDE <p18F6585.INC>
                      00381   ENDIF
                      00382   IFDEF __18F65J10
                      00383      INCLUDE <p18F65J10.INC>
                      00384   ENDIF
                      00385   IFDEF __18F65J11
                      00386      INCLUDE <p18F65J11.INC>
                      00387   ENDIF
                      00388   IFDEF __18F65J15
                      00389      INCLUDE <p18F65J15.INC>
                      00390   ENDIF
                      00391   IFDEF __18F65J50
                      00392      INCLUDE <p18F65J50.INC>
                      00393   ENDIF
                      00394   IFDEF __18F65J90
                      00395      INCLUDE <p18F65J90.INC>
                      00396   ENDIF
                      00397   IFDEF __18F6620
                      00398      INCLUDE <p18F6620.INC>
                      00399   ENDIF
                      00400   IFDEF __18F6621
                      00401      INCLUDE <p18F6621.INC>
                      00402   ENDIF
                      00403   IFDEF __18F6622
                      00404      INCLUDE <p18F6622.INC>
                      00405   ENDIF
                      00406   IFDEF __18F6627
                      00407      INCLUDE <p18F6627.INC>
                      00408   ENDIF
                      00409   IFDEF __18F6628
                      00410      INCLUDE <p18F6628.INC>
                      00411   ENDIF
                      00412   IFDEF __18F6680
                      00413      INCLUDE <p18F6680.INC>
                      00414   ENDIF
MPASM  5.22                          FREE.ASM   6-18-2009  21:55:11         PAGE  6


LOC  OBJECT CODE     LINE SOURCE TEXT
  VALUE

                      00415   IFDEF __18F66J10
                      00416      INCLUDE <p18F66J10.INC>
                      00417   ENDIF
                      00418   IFDEF __18F66J11
                      00419      INCLUDE <p18F66J11.INC>
                      00420   ENDIF
                      00421   IFDEF __18F66J15
                      00422      INCLUDE <p18F66J15.INC>
                      00423   ENDIF
                      00424   IFDEF __18F66J16
                      00425      INCLUDE <p18F66J16.INC>
                      00426   ENDIF
                      00427   IFDEF __18F66J50
                      00428      INCLUDE <p18F66J50.INC>
                      00429   ENDIF
                      00430   IFDEF __18F66J55
                      00431      INCLUDE <p18F66J55.INC>
                      00432   ENDIF
                      00433   IFDEF __18F66J60
                      00434      INCLUDE <p18F66J60.INC>
                      00435   ENDIF
                      00436   IFDEF __18F66J65
                      00437      INCLUDE <p18F66J65.INC>
                      00438   ENDIF
                      00439   IFDEF __18F66J90
                      00440      INCLUDE <p18F66J90.INC>
                      00441   ENDIF
                      00442   IFDEF __18F6720
                      00443      INCLUDE <p18F6720.INC>
                      00444   ENDIF
                      00445   IFDEF __18F6722
                      00446      INCLUDE <p18F6722.INC>
                      00447   ENDIF
                      00448   IFDEF __18F6723
                      00449      INCLUDE <p18F6723.INC>
                      00450   ENDIF
                      00451   IFDEF __18F67J10
                      00452      INCLUDE <p18F67J10.INC>
                      00453   ENDIF
                      00454   IFDEF __18F67J11
                      00455      INCLUDE <p18F67J11.INC>
                      00456   ENDIF
                      00457   IFDEF __18F67J50
                      00458      INCLUDE <p18F67J50.INC>
                      00459   ENDIF
                      00460   IFDEF __18F67J60
                      00461      INCLUDE <p18F67J60.INC>
                      00462   ENDIF
                      00463   IFDEF __18F67J90
                      00464      INCLUDE <p18F67J90.INC>
                      00465   ENDIF
                      00466   IFDEF __18F8310
                      00467      INCLUDE <p18F8310.INC>
MPASM  5.22                          FREE.ASM   6-18-2009  21:55:11         PAGE  7


LOC  OBJECT CODE     LINE SOURCE TEXT
  VALUE

                      00468   ENDIF
                      00469   IFDEF __18F8390
                      00470      INCLUDE <p18F8390.INC>
                      00471   ENDIF
                      00472   IFDEF __18F8393
                      00473      INCLUDE <p18F8393.INC>
                      00474   ENDIF
                      00475   IFDEF __18F83J11
                      00476      INCLUDE <p18F83J11.INC>
                      00477   ENDIF
                      00478   IFDEF __18F83J90
                      00479      INCLUDE <p18F83J90.INC>
                      00480   ENDIF
                      00481   IFDEF __18F8410
                      00482      INCLUDE <p18F8410.INC>
                      00483   ENDIF
                      00484   IFDEF __18F8490
                      00485      INCLUDE <p18F8490.INC>
                      00486   ENDIF
                      00487   IFDEF __18F8493
                      00488      INCLUDE <p18F8493.INC>
                      00489   ENDIF
                      00490   IFDEF __18F84J11
                      00491      INCLUDE <p18F84J11.INC>
                      00492   ENDIF
                      00493   IFDEF __18F84J90
                      00494      INCLUDE <p18F84J90.INC>
                      00495   ENDIF
                      00496   IFDEF __18F8520
                      00497      INCLUDE <p18F8520.INC>
                      00498   ENDIF
                      00499   IFDEF __18F8525
                      00500      INCLUDE <p18F8525.INC>
                      00501   ENDIF
                      00502   IFDEF __18F8527
                      00503      INCLUDE <p18F8527.INC>
                      00504   ENDIF
                      00505   IFDEF __18F8585
                      00506      INCLUDE <p18F8585.INC>
                      00507   ENDIF
                      00508   IFDEF __18F85J10
                      00509      INCLUDE <p18F85J10.INC>
                      00510   ENDIF
                      00511   IFDEF __18F85J11
                      00512      INCLUDE <p18F85J11.INC>
                      00513   ENDIF
                      00514   IFDEF __18F85J15
                      00515      INCLUDE <p18F85J15.INC>
                      00516   ENDIF
                      00517   IFDEF __18F85J50
                      00518      INCLUDE <p18F85J50.INC>
                      00519   ENDIF
                      00520   IFDEF __18F85J90
MPASM  5.22                          FREE.ASM   6-18-2009  21:55:11         PAGE  8


LOC  OBJECT CODE     LINE SOURCE TEXT
  VALUE

                      00521      INCLUDE <p18F85J90.INC>
                      00522   ENDIF
                      00523   IFDEF __18F8620
                      00524      INCLUDE <p18F8620.INC>
                      00525   ENDIF
                      00526   IFDEF __18F8621
                      00527      INCLUDE <p18F8621.INC>
                      00528   ENDIF
                      00529   IFDEF __18F8622
                      00530      INCLUDE <p18F8622.INC>
                      00531   ENDIF
                      00532   IFDEF __18F8627
                      00533      INCLUDE <p18F8627.INC>
                      00534   ENDIF
                      00535   IFDEF __18F8628
                      00536      INCLUDE <p18F8628.INC>
                      00537   ENDIF
                      00538   IFDEF __18F8680
                      00539      INCLUDE <p18F8680.INC>
                      00540   ENDIF
                      00541   IFDEF __18F86J10
                      00542      INCLUDE <p18F86J10.INC>
                      00543   ENDIF
                      00544   IFDEF __18F86J11
                      00545      INCLUDE <p18F86J11.INC>
                      00546   ENDIF
                      00547   IFDEF __18F86J15
                      00548      INCLUDE <p18F86J15.INC>
                      00549   ENDIF
                      00550   IFDEF __18F86J16
                      00551      INCLUDE <p18F86J16.INC>
                      00552   ENDIF
                      00553   IFDEF __18F86J50
                      00554      INCLUDE <p18F86J50.INC>
                      00555   ENDIF
                      00556   IFDEF __18F86J55
                      00557      INCLUDE <p18F86J55.INC>
                      00558   ENDIF
                      00559   IFDEF __18F86J60
                      00560      INCLUDE <p18F86J60.INC>
                      00561   ENDIF
                      00562   IFDEF __18F86J65
                      00563      INCLUDE <p18F86J65.INC>
                      00564   ENDIF
                      00565   IFDEF __18F86J90
                      00566      INCLUDE <p18F86J90.INC>
                      00567   ENDIF
                      00568   IFDEF __18F8720
                      00569      INCLUDE <p18F8720.INC>
                      00570   ENDIF
                      00571   IFDEF __18F8722
                      00572      INCLUDE <p18F8722.INC>
                      00573   ENDIF
MPASM  5.22                          FREE.ASM   6-18-2009  21:55:11         PAGE  9


LOC  OBJECT CODE     LINE SOURCE TEXT
  VALUE

                      00574   IFDEF __18F8723
                      00575      INCLUDE <p18F8723.INC>
                      00576   ENDIF
                      00577   IFDEF __18F87J10
                      00578      INCLUDE <p18F87J10.INC>
                      00579   ENDIF
                      00580   IFDEF __18F87J11
                      00581      INCLUDE <p18F87J11.INC>
                      00582   ENDIF
                      00583   IFDEF __18F87J50
                      00584      INCLUDE <p18F87J50.INC>
                      00585   ENDIF
                      00586   IFDEF __18F87J60
                      00587      INCLUDE <p18F87J60.INC>
                      00588   ENDIF
                      00589   IFDEF __18F87J90
                      00590      INCLUDE <p18F87J90.INC>
                      00591   ENDIF
                      00592   IFDEF __18F96J60
                      00593      INCLUDE <p18F96J60.INC>
                      00594   ENDIF
                      00595   IFDEF __18F96J65
                      00596      INCLUDE <p18F96J65.INC>
                      00597   ENDIF
                      00598   IFDEF __18F97J60
                      00599      INCLUDE <p18F97J60.INC>
                      00600   ENDIF
                      00601   IFDEF __18L13K22
                      00602      INCLUDE <p18L13K22.INC>
                      00603   ENDIF
                      00604   IFDEF __18L13K50
                      00605      INCLUDE <p18L13K50.INC>
                      00606   ENDIF
                      00607   IFDEF __18L14K22
                      00608      INCLUDE <p18L14K22.INC>
                      00609   ENDIF
                      00610   IFDEF __18L14K50
                      00611      INCLUDE <p18L14K50.INC>
                      00612   ENDIF
                      00613   IFDEF __18L24J11
                      00614      INCLUDE <p18L24J11.INC>
                      00615   ENDIF
                      00616   IFDEF __18L24J50
                      00617      INCLUDE <p18L24J50.INC>
                      00618   ENDIF
                      00619   IFDEF __18L25J11
                      00620      INCLUDE <p18L25J11.INC>
                      00621   ENDIF
                      00622   IFDEF __18L25J50
                      00623      INCLUDE <p18L25J50.INC>
                      00624   ENDIF
                      00625   IFDEF __18L26J11
                      00626      INCLUDE <p18L26J11.INC>
MPASM  5.22                          FREE.ASM   6-18-2009  21:55:11         PAGE 10


LOC  OBJECT CODE     LINE SOURCE TEXT
  VALUE

                      00627   ENDIF
                      00628   IFDEF __18L26J50
                      00629      INCLUDE <p18L26J50.INC>
                      00630   ENDIF
                      00631   IFDEF __18L44J11
                      00632      INCLUDE <p18L44J11.INC>
                      00633   ENDIF
                      00634   IFDEF __18L44J50
                      00635      INCLUDE <p18L44J50.INC>
                      00636   ENDIF
                      00637   IFDEF __18L45J11
                      00638      INCLUDE <p18L45J11.INC>
                      00639   ENDIF
                      00640   IFDEF __18L45J50
                      00641      INCLUDE <p18L45J50.INC>
                      00642   ENDIF
                      00643   IFDEF __18L46J11
                      00644      INCLUDE <p18L46J11.INC>
                      00645   ENDIF
                      00646   IFDEF __18L46J50
                      00647      INCLUDE <p18L46J50.INC>
                      00648   ENDIF
                      00649 
                      00029 ;===============================================================================
                      00030                 radix   decimal
                      00031 ;===============================================================================
                      00032 #include <heap_config.h>
                      00001 #if     0
                      00002 //==============================================================================
                      00003 // This file is part of "Heap Management For Small Microcontrollers".
                      00004 // v1.04 (2009-05-23)
                      00005 // isaacbavaresco@yahoo.com.br
                      00006 //==============================================================================
                      00007 /*
                      00008  Copyright (c) 2007-2009, Isaac Marino Bavaresco
                      00009  All rights reserved.
                      00010 
                      00011  Redistribution and use in source and binary forms, with or without
                      00012  modification, are permitted provided that the following conditions are met:
                      00013      * Redistributions of source code must retain the above copyright
                      00014        notice, this list of conditions and the following disclaimer.
                      00015      * Neither the name of the author nor the
                      00016        names of its contributors may be used to endorse or promote products
                      00017        derived from this software without specific prior written permission.
                      00018 
                      00019  THIS SOFTWARE IS PROVIDED BY THE AUTHOR ''AS IS'' AND ANY
                      00020  EXPRESS OR IMPLIED WARRANTIES, INCLUDING, BUT NOT LIMITED TO, THE IMPLIED
                      00021  WARRANTIES OF MERCHANTABILITY AND FITNESS FOR A PARTICULAR PURPOSE ARE
                      00022  DISCLAIMED. IN NO EVENT SHALL THE AUTHOR BE LIABLE FOR ANY
                      00023  DIRECT, INDIRECT, INCIDENTAL, SPECIAL, EXEMPLARY, OR CONSEQUENTIAL DAMAGES
                      00024  (INCLUDING, BUT NOT LIMITED TO, PROCUREMENT OF SUBSTITUTE GOODS OR SERVICES;
                      00025  LOSS OF USE, DATA, OR PROFITS; OR BUSINESS INTERRUPTION) HOWEVER CAUSED AND
                      00026  ON ANY THEORY OF LIABILITY, WHETHER IN CONTRACT, STRICT LIABILITY, OR TORT
MPASM  5.22                          FREE.ASM   6-18-2009  21:55:11         PAGE 11


LOC  OBJECT CODE     LINE SOURCE TEXT
  VALUE

                      00027  (INCLUDING NEGLIGENCE OR OTHERWISE) ARISING IN ANY WAY OUT OF THE USE OF THIS
                      00028  SOFTWARE, EVEN IF ADVISED OF THE POSSIBILITY OF SUCH DAMAGE.
                      00029 */
                      00030 //==============================================================================
                      00031 //
                      00032 // This file is included from both ".c" files and ".asm" files.
                      00033 //
                      00034 //==============================================================================
                      00035 #endif
                      00036 
                      00037 #define USING_FREE_RTOS                 0
                      00038 #define ALLOCATE_FROM_BEGINNING 0
                      00039 
                      00040 #define HEAP_SIZE                               1024
                      00041 
                      00042 #if 0
                      00043 // Be careful, this definition should agree with the linker-script
                      00044 // or it must be zero.
                      00045 // If STACK_SIZE is defined to zero, __reclaim_stack() is not defined.
                      00046 #endif
                      00047 #define STACK_SIZE                              0x100
                      00048 
                      00033 ;===============================================================================
                      00034 #if       USING_FREE_RTOS == 1
                      00035 ;-------------------------------------------------------------------------------
                      00036                 extern  vTaskSuspendAll
                      00037                 extern  xTaskResumeAll
                      00038 #define LOCALS_SIZE     6
                      00039 DISABLE_INTERRUPTS macro
                      00040                 call    vTaskSuspendAll
                      00041                 endm
                      00042 
                      00043 RESTORE_INTERRUPTS macro
                      00044                 call    xTaskResumeAll
                      00045                 endm
                      00046 ;-------------------------------------------------------------------------------
                      00047 #else   ; USING_FREE_RTOS == 1
                      00048 ;-------------------------------------------------------------------------------
                      00049 #define LOCALS_SIZE     7
                      00050 DISABLE_INTERRUPTS macro
                      00051 ;                       Aux      = INTCON & 0xc0;
                      00052                 movlw   0xc0
                      00053                 andwf   INTCON,w,ACCESS
                      00054                 movwf   [Aux+0]
                      00055 ;                       INTCON  &= 0x3f;
                      00056                 movlw   0x3f
                      00057                 andwf   INTCON,f,ACCESS
                      00058                 endm
                      00059 
                      00060 RESTORE_INTERRUPTS macro
                      00061 ;                       INTCON  |= Aux;
                      00062                 movf    [Aux+0],w
                      00063                 iorwf   INTCON,f,ACCESS
MPASM  5.22                          FREE.ASM   6-18-2009  21:55:11         PAGE 12


LOC  OBJECT CODE     LINE SOURCE TEXT
  VALUE

                      00064                 endm
                      00065 ;-------------------------------------------------------------------------------
                      00066 #endif  ; USING_FREE_RTOS == 1
                      00067 ;===============================================================================
                      00068 ALLOC           code
                      00069 ;===============================================================================
                      00070 #define r       0
                      00071 #define p       4
                      00072 #define q       6
                      00073 #define Aux2    8
                      00074 #define Aux     10
                      00075 
  0000                00076                 extern  __freelist
                      00077 ;===============================================================================
  0000                00078                 global  free
                      00079 ;15:            void free( void ram *r )
                      00080 
000000 CFD9 FFE6      00081 free:           movff   FSR2L, POSTINC1
000004 CFDA FFE6      00082                 movff   FSR2H, POSTINC1
000008 CFE1 FFD9      00083                 movff   FSR1L,FSR2L
00000C CFE2 FFDA      00084                 movff   FSR1H,FSR2H
                      00085 
000010 E984           00086                 subfsr  2,4
                      00087 
                      00088 ;16:                    {
                      00089 ;17:                    struct _AllocBlock ram  *p, *q;
                      00090 ;                       unsigned short          Aux2;
                      00091 ;                       unsigned char           Aux;
                      00092 
000012 E847           00093                 addfsr  1,LOCALS_SIZE
                      00094 ;18:
                      00095 ;19:                    if( r == NULL )
                      00096 
000014 5000           00097                 movf    [r+0],w
000016 1001           00098                 iorwf   [r+1],w
                      00099 ;20:                            return;
000018 E1??           00100                 bnz     NotNULL
00001A D???           00101                 bra     Finish
                      00102 ;21:            
                      00103 ;22:                    r = (unsigned char *)r - 2;
00001C 0E02           00104 NotNULL:        movlw   0x02
00001E 5E00           00105                 subwf   [r+0],f
000020 0E00           00106                 movlw   0
000022 5A01           00107                 subwfb  [r+1],f
                      00108 
                      00109                 DISABLE_INTERRUPTS
                          M ;                       Aux      = INTCON & 0xc0;
000024 0EC0               M                 movlw   0xc0
000026 14F2               M                 andwf   INTCON,w,ACCESS
000028 6E0A               M                 movwf   [Aux+0]
                          M ;                       INTCON  &= 0x3f;
00002A 0E3F               M                 movlw   0x3f
00002C 16F2               M                 andwf   INTCON,f,ACCESS
MPASM  5.22                          FREE.ASM   6-18-2009  21:55:11         PAGE 13


LOC  OBJECT CODE     LINE SOURCE TEXT
  VALUE

                      00110 ;23:            
                      00111 ;24:                    
                      00112 ;25:                    for( p = __freelist.Next, q = &__freelist; p != NULL && p < (struct _AllocBlock 
                            ram *)r; q = p, p = p->Next )
                      00113 
00002E 0E??           00114                 movlw   low __freelist
000030 6E06           00115                 movwf   [q+0]
000032 0E??           00116                 movlw   high __freelist
000034 6E07           00117                 movwf   [q+1]
                      00118 
000036 C??? FFE9      00119                 movff   __freelist+2,FSR0L      ; p = __freelist.Next;
00003A C??? FFEA      00120                 movff   __freelist+3,FSR0H
                      00121 
00003E 50E9           00122 Loop:           movf    FSR0L,w,ACCESS          ; p != NULL
000040 10EA           00123                 iorwf   FSR0H,w,ACCESS
000042 E0??           00124                 bz      xa630
                      00125 
000044 5000           00126                 movf    [r+0],w                 ; && p < (struct _AllocBlock ram *)r;
000046 5CE9           00127                 subwf   FSR0L,w,ACCESS
000048 5001           00128                 movf    [r+1],w
00004A 58EA           00129                 subwfb  FSR0H,w,ACCESS
00004C E2??           00130                 bc      xa630
                      00131 
00004E 50E9           00132                 movf    FSR0L,w,ACCESS          ; q = p;
000050 6E06           00133                 movwf   [q+0]
000052 50EA           00134                 movf    FSR0H,w,ACCESS
000054 6E07           00135                 movwf   [q+1]
                      00136 
000056 E802           00137                 addfsr  0,2                     ; p = p->Next );
000058 50EE           00138                 movf    POSTINC0,w,ACCESS
00005A CFEF FFEA      00139                 movff   INDF0,FSR0H
00005E 6EE9           00140                 movwf   FSR0L,ACCESS
                      00141 
000060 D???           00142                 bra     Loop
                      00143 ;26:                            ;       /* Empty statement */
                      00144 
000062 50E9           00145 xa630:          movf    FSR0L,w
000064 6E04           00146                 movwf   [p+0]
000066 50EA           00147                 movf    FSR0H,w
000068 6E05           00148                 movwf   [p+1]
                      00149 
                      00150 ;29:                    q->Next                                 = r;
00006A EB06 FFE9      00151                 movsf   [q+0],FSR0L
00006E EB07 FFEA      00152                 movsf   [q+1],FSR0H
000072 E802           00153                 addfsr  0,2
000074 EB00 FFEE      00154                 movsf   [r+0],POSTINC0
000078 EB01 FFED      00155                 movsf   [r+1],POSTDEC0
                      00156 
                      00157 ;28:                    ((struct _AllocBlock ram *)r)->Next     = p;
00007C EB00 FFE9      00158                 movsf   [r+0],FSR0L
000080 EB01 FFEA      00159                 movsf   [r+1],FSR0H
000084 E802           00160                 addfsr  0,2
000086 EB04 FFEE      00161                 movsf   [p+0],POSTINC0
MPASM  5.22                          FREE.ASM   6-18-2009  21:55:11         PAGE 14


LOC  OBJECT CODE     LINE SOURCE TEXT
  VALUE

00008A EB05 FFED      00162                 movsf   [p+1],POSTDEC0
                      00163 
                      00164 ;31:                    if( (unsigned short)r + ((struct _AllocBlock ram *)r)->Length + 2 == (unsigned s
                            hort)p )
                      00165 
                      00166                 ;movsf  [r+0],FSR0L
                      00167                 ;movsf  [r+1],FSR0H
00008E E902           00168                 subfsr  0,2
                      00169 
000090 50EE           00170                 movf    POSTINC0,w,ACCESS
000092 2400           00171                 addwf   [r+0],w
000094 6EF3           00172                 movwf   PRODL,ACCESS
000096 50ED           00173                 movf    POSTDEC0,w,ACCESS
000098 2001           00174                 addwfc  [r+1],w
00009A 6EF4           00175                 movwf   PRODH,ACCESS
                      00176 
00009C 0E02           00177                 movlw   0x02
00009E 24F3           00178                 addwf   PRODL,w,ACCESS
0000A0 1804           00179                 xorwf   [p+0],w
0000A2 E1??           00180                 bnz     xa68e
                      00181 
0000A4 0E00           00182                 movlw   0x00
0000A6 20F4           00183                 addwfc  PRODH,w,ACCESS
0000A8 1805           00184                 xorwf   [p+1],w
0000AA E1??           00185                 bnz     xa68e
                      00186 
                      00187 ;32:                            {
                      00188 ;34:                            ((struct _AllocBlock ram *)r)->Length   += p->Length + 2;
                      00189 ;33:                            ((struct _AllocBlock ram *)r)->Next      = p->Next;
                      00190 
0000AC EB04 FFE9      00191                 movsf   [p+0],FSR0L             ; FSR0 = p;
0000B0 EB05 FFEA      00192                 movsf   [p+1],FSR0H
                      00193 
0000B4 0E02           00194                 movlw   0x02                    ; Aux2 = p->Length + 2;
0000B6 24EE           00195                 addwf   POSTINC0,w,ACCESS
0000B8 6E08           00196                 movwf   [Aux2+0]
0000BA 0E00           00197                 movlw   0x00
0000BC 20EE           00198                 addwfc  POSTINC0,w,ACCESS
0000BE 6E09           00199                 movwf   [Aux2+1]
                      00200 
0000C0 CFEE FFF3      00201                 movff   POSTINC0,PRODL          ; PROD = p->Next;
0000C4 CFEE FFF4      00202                 movff   POSTINC0,PRODH
                      00203 
0000C8 EB00 FFE9      00204                 movsf   [r+0],FSR0L             ; FSR = r;
0000CC EB01 FFEA      00205                 movsf   [r+1],FSR0H
                      00206 
0000D0 5008           00207                 movf    [Aux2+0],w              ; r->Length += Aux2;
0000D2 26EE           00208                 addwf   POSTINC0,f,ACCESS
0000D4 5009           00209                 movf    [Aux2+1],w
0000D6 22EE           00210                 addwfc  POSTINC0,f,ACCESS
                      00211 
0000D8 CFF3 FFEE      00212                 movff   PRODL,POSTINC0          ; r->Next = PROD;
0000DC CFF4 FFEE      00213                 movff   PRODH,POSTINC0
MPASM  5.22                          FREE.ASM   6-18-2009  21:55:11         PAGE 15


LOC  OBJECT CODE     LINE SOURCE TEXT
  VALUE

                      00214 ;35:                            }
                      00215 ;36:            
                      00216 ;37:                    if( (unsigned short)q + ((struct _AllocBlock ram *)q)->Length + 2 == (unsigned s
                            hort)r )
                      00217 
0000E0 EB06 FFE9      00218 xa68e:          movsf   [q+0],FSR0L             ; FSR0 = q;
0000E4 EB07 FFEA      00219                 movsf   [q+1],FSR0H
                      00220 
0000E8 50EE           00221                 movf    POSTINC0,w,ACCESS       ; PROD = q->Length;
0000EA 2406           00222                 addwf   [q+0],w
0000EC 6EF3           00223                 movwf   PRODL,ACCESS
0000EE 50ED           00224                 movf    POSTDEC0,w,ACCESS
0000F0 2007           00225                 addwfc  [q+1],w
0000F2 6EF4           00226                 movwf   PRODH,ACCESS
                      00227 
0000F4 0E02           00228                 movlw   0x02                    ; if( PROD + 2 == r )
0000F6 24F3           00229                 addwf   PRODL,w,ACCESS          ;    {
0000F8 1800           00230                 xorwf   [r+0],w
0000FA E1??           00231                 bnz     Epilog
                      00232 
0000FC 0E00           00233                 movlw   0x00
0000FE 20F4           00234                 addwfc  PRODH,w,ACCESS
000100 1801           00235                 xorwf   [r+1],w
000102 E1??           00236                 bnz     Epilog
                      00237 
                      00238 ;38:                            {
                      00239 
                      00240 ;40:                            ((struct _AllocBlock ram *)q)->Length   += ((struct _AllocBlock ram *)r)
                            ->Length + 2;
                      00241 ;39:                            ((struct _AllocBlock ram *)q)->Next      = ((struct _AllocBlock ram *)r)
                            ->Next;
                      00242 
000104 EB00 FFE9      00243                 movsf   [r+0],FSR0L             ; FSR0 = r;
000108 EB01 FFEA      00244                 movsf   [r+1],FSR0H
                      00245 
00010C 0E02           00246                 movlw   0x02                    ; Aux2 = r->Length + 2;
00010E 24EE           00247                 addwf   POSTINC0,w,ACCESS
000110 6E08           00248                 movwf   [Aux2+0]
000112 0E00           00249                 movlw   0x00
000114 20EE           00250                 addwfc  POSTINC0,w,ACCESS
000116 6E09           00251                 movwf   [Aux2+1]
                      00252 
000118 CFEE FFF3      00253                 movff   POSTINC0,PRODL          ; PROD = r->Next;
00011C CFEE FFF4      00254                 movff   POSTINC0,PRODH
                      00255 
000120 EB06 FFE9      00256                 movsf   [q+0],FSR0L             ; FSR0 = q;
000124 EB07 FFEA      00257                 movsf   [q+1],FSR0H
                      00258 
000128 5008           00259                 movf    [Aux2+0],w              ; q->Length += Aux2;
00012A 26EE           00260                 addwf   POSTINC0,f,ACCESS
00012C 5009           00261                 movf    [Aux2+1],w
00012E 22EE           00262                 addwfc  POSTINC0,f,ACCESS
                      00263 
MPASM  5.22                          FREE.ASM   6-18-2009  21:55:11         PAGE 16


LOC  OBJECT CODE     LINE SOURCE TEXT
  VALUE

000130 CFF3 FFEE      00264                 movff   PRODL,POSTINC0          ; q->Next = PROD;
000134 CFF4 FFEE      00265                 movff   PRODH,POSTINC0
                      00266 ;41:                            }
                      00267 ;42:                    }
                      00268 
                      00269 
                      00270 Epilog:         RESTORE_INTERRUPTS
                          M ;                       INTCON  |= Aux;
000138 500A               M                 movf    [Aux+0],w
00013A 12F2               M                 iorwf   INTCON,f,ACCESS
00013C E948           00271 Finish:         subfsr  1,LOCALS_SIZE + 1
                      00272 
00013E CFE5 FFDA      00273                 movff   POSTDEC1,FSR2H
000142 CFE7 FFD9      00274                 movff   INDF1,FSR2L
000146 0012           00275                 return  0
                      00276 ;===============================================================================
                      00277                 end
MPASM  5.22                          FREE.ASM   6-18-2009  21:55:11         PAGE 17


SYMBOL TABLE
  LABEL                             VALUE 

A                                 00000000
ABDEN                             00000000
ABDOVF                            00000007
ACCESS                            00000000
ACKDT                             00000005
ACKEN                             00000004
ACKSTAT                           00000006
ACQT0                             00000003
ACQT1                             00000004
ACQT2                             00000005
ADCON0                            00000FC2
ADCON1                            00000FC1
ADCON2                            00000FC0
ADCS0                             00000000
ADCS1                             00000001
ADCS2                             00000002
ADDEN                             00000003
ADEN                              00000003
ADFM                              00000007
ADIE                              00000006
ADIF                              00000006
ADIP                              00000006
ADON                              00000000
ADRES                             00000FC3
ADRESH                            00000FC4
ADRESL                            00000FC3
ALLOCATE_FROM_BEGINNING           0
AN10                              00000001
AN11                              00000004
AN12                              00000000
AN4                               00000005
AN8                               00000002
AN9                               00000003
Aux                               10
Aux2                              8
BANKED                            00000001
BAUDCON                           00000FB8
BAUDCTL                           00000FB8
BCLIE                             00000003
BCLIF                             00000003
BCLIP                             00000003
BF                                00000000
BGST                              00000005
BOR                               00000000
BRG16                             00000003
BRGH                              00000002
BSR                               00000FE0
C                                 00000000
C1INV                             00000004
C1OUT                             00000006
C2INV                             00000005
C2OUT                             00000007
CCP1                              00000002
MPASM  5.22                          FREE.ASM   6-18-2009  21:55:11         PAGE 18


SYMBOL TABLE
  LABEL                             VALUE 

CCP1CON                           00000FBD
CCP1IE                            00000002
CCP1IF                            00000002
CCP1IP                            00000002
CCP1M0                            00000000
CCP1M1                            00000001
CCP1M2                            00000002
CCP1M3                            00000003
CCP1X                             00000005
CCP1Y                             00000004
CCP2CON                           00000FBA
CCP2IE                            00000000
CCP2IF                            00000000
CCP2IP                            00000000
CCP2M0                            00000000
CCP2M1                            00000001
CCP2M2                            00000002
CCP2M3                            00000003
CCP2X                             00000005
CCP2Y                             00000004
CCP2_PORTB                        00000003
CCP2_PORTC                        00000001
CCPR1                             00000FBE
CCPR1H                            00000FBF
CCPR1L                            00000FBE
CCPR2                             00000FBB
CCPR2H                            00000FBC
CCPR2L                            00000FBB
CFGS                              00000006
CHS0                              00000002
CHS1                              00000003
CHS2                              00000004
CHS3                              00000005
CIS                               00000003
CK                                00000006
CKE                               00000006
CKP                               00000004
CM0                               00000000
CM1                               00000001
CM2                               00000002
CMCON                             00000FB4
CMIE                              00000006
CMIF                              00000006
CMIP                              00000006
CREN                              00000004
CSRC                              00000007
CVR0                              00000000
CVR1                              00000001
CVR2                              00000002
CVR3                              00000003
CVRCON                            00000FB5
CVREN                             00000007
CVROE                             00000006
MPASM  5.22                          FREE.ASM   6-18-2009  21:55:11         PAGE 19


SYMBOL TABLE
  LABEL                             VALUE 

CVRR                              00000005
CVRSS                             00000004
D                                 00000005
DC                                00000001
DC1B0                             00000004
DC1B1                             00000005
DC2B0                             00000004
DC2B1                             00000005
DDRA                              TRISA
DDRB                              TRISB
DDRC                              TRISC
DDRD                              TRISD
DDRE                              TRISE
DEBUG                             00000FD4
DISABLE_INTERRUPTS                
DONE                              00000001
D_A                               00000005
EEADR                             00000FA9
EEADRH                            00000FAA
EECON1                            00000FA6
EECON2                            00000FA7
EEDATA                            00000FA8
EEIE                              00000004
EEIF                              00000004
EEIP                              00000004
EEPGD                             00000007
Epilog                            00000138
FAST                              00000001
FERR                              00000002
FREE                              00000004
FSR0                              00000000
FSR0H                             00000FEA
FSR0L                             00000FE9
FSR1                              00000001
FSR1H                             00000FE2
FSR1L                             00000FE1
FSR2                              00000002
FSR2H                             00000FDA
FSR2L                             00000FD9
Finish                            0000013C
GCEN                              00000007
GIE                               00000007
GIEH                              00000007
GIEL                              00000006
GO                                00000001
GO_DONE                           00000001
HEAP_SIZE                         1024
HLVDCON                           00000FD2
HLVDEN                            00000004
HLVDIE                            00000002
HLVDIF                            00000002
HLVDIN                            00000005
HLVDIP                            00000002
MPASM  5.22                          FREE.ASM   6-18-2009  21:55:11         PAGE 20


SYMBOL TABLE
  LABEL                             VALUE 

HLVDL0                            00000000
HLVDL1                            00000001
HLVDL2                            00000002
HLVDL3                            00000003
IDLEN                             00000007
INDF0                             00000FEF
INDF1                             00000FE7
INDF2                             00000FDF
INT0                              00000000
INT0E                             00000004
INT0F                             00000001
INT0IE                            00000004
INT0IF                            00000001
INT1                              00000001
INT1E                             00000003
INT1F                             00000000
INT1IE                            00000003
INT1IF                            00000000
INT1IP                            00000006
INT1P                             00000006
INT2                              00000002
INT2E                             00000004
INT2F                             00000001
INT2IE                            00000004
INT2IF                            00000001
INT2IP                            00000007
INT2P                             00000007
INTCON                            00000FF2
INTCON2                           00000FF1
INTCON3                           00000FF0
INTEDG0                           00000006
INTEDG1                           00000005
INTEDG2                           00000004
INTSRC                            00000007
IOFS                              00000002
IPEN                              00000007
IPR1                              00000F9F
IPR2                              00000FA2
IRCF0                             00000004
IRCF1                             00000005
IRCF2                             00000006
IRVST                             00000005
IVRST                             00000005
KBI0                              00000004
KBI1                              00000005
KBI2                              00000006
KBI3                              00000007
LATA                              00000F89
LATA0                             00000000
LATA1                             00000001
LATA2                             00000002
LATA3                             00000003
LATA4                             00000004
MPASM  5.22                          FREE.ASM   6-18-2009  21:55:11         PAGE 21


SYMBOL TABLE
  LABEL                             VALUE 

LATA5                             00000005
LATA6                             00000006
LATA7                             00000007
LATB                              00000F8A
LATB0                             00000000
LATB1                             00000001
LATB2                             00000002
LATB3                             00000003
LATB4                             00000004
LATB5                             00000005
LATB6                             00000006
LATB7                             00000007
LATC                              00000F8B
LATC0                             00000000
LATC1                             00000001
LATC2                             00000002
LATC3                             00000003
LATC4                             00000004
LATC5                             00000005
LATC6                             00000006
LATC7                             00000007
LOCALS_SIZE                       7
LVDCON                            00000FD2
LVDEN                             00000004
LVDIE                             00000002
LVDIF                             00000002
LVDIN                             00000005
LVDIP                             00000002
LVDL0                             00000000
LVDL1                             00000001
LVDL2                             00000002
LVDL3                             00000003
LVV0                              00000000
LVV1                              00000001
LVV2                              00000002
LVV3                              00000003
Loop                              0000003E
MCLR                              00000003
N                                 00000004
NOT_A                             00000005
NOT_ADDRESS                       00000005
NOT_BOR                           00000000
NOT_DONE                          00000001
NOT_MCLR                          00000003
NOT_PD                            00000002
NOT_POR                           00000001
NOT_RBPU                          00000007
NOT_RI                            00000004
NOT_SS                            00000005
NOT_T1SYNC                        00000002
NOT_T3SYNC                        00000002
NOT_TO                            00000003
NOT_W                             00000002
MPASM  5.22                          FREE.ASM   6-18-2009  21:55:11         PAGE 22


SYMBOL TABLE
  LABEL                             VALUE 

NOT_WRITE                         00000002
NotNULL                           0000001C
OERR                              00000001
OSCCON                            00000FD3
OSCFIE                            00000007
OSCFIF                            00000007
OSCFIP                            00000007
OSCTUNE                           00000F9B
OSTS                              00000003
OV                                00000003
P                                 00000004
PC                                00000FF9
PCFG0                             00000000
PCFG1                             00000001
PCFG2                             00000002
PCFG3                             00000003
PCL                               00000FF9
PCLATH                            00000FFA
PCLATU                            00000FFB
PD                                00000002
PEIE                              00000006
PEN                               00000002
PGC                               00000006
PGD                               00000007
PGM                               00000005
PIE1                              00000F9D
PIE2                              00000FA0
PIR1                              00000F9E
PIR2                              00000FA1
PLLEN                             00000006
PLUSW0                            00000FEB
PLUSW1                            00000FE3
PLUSW2                            00000FDB
POR                               00000001
PORTA                             00000F80
PORTB                             00000F81
PORTC                             00000F82
PORTE                             00000F84
POSTDEC0                          00000FED
POSTDEC1                          00000FE5
POSTDEC2                          00000FDD
POSTINC0                          00000FEE
POSTINC1                          00000FE6
POSTINC2                          00000FDE
PR2                               00000FCB
PREINC0                           00000FEC
PREINC1                           00000FE4
PREINC2                           00000FDC
PROD                              00000FF3
PRODH                             00000FF4
PRODL                             00000FF3
PSA                               00000003
R                                 00000002
MPASM  5.22                          FREE.ASM   6-18-2009  21:55:11         PAGE 23


SYMBOL TABLE
  LABEL                             VALUE 

RA0                               00000000
RA1                               00000001
RA2                               00000002
RA3                               00000003
RA4                               00000004
RA5                               00000005
RA6                               00000006
RA7                               00000007
RB0                               00000000
RB1                               00000001
RB2                               00000002
RB3                               00000003
RB4                               00000004
RB5                               00000005
RB6                               00000006
RB7                               00000007
RBIE                              00000003
RBIF                              00000000
RBIP                              00000000
RBPU                              00000007
RC0                               00000000
RC1                               00000001
RC2                               00000002
RC3                               00000003
RC4                               00000004
RC5                               00000005
RC6                               00000006
RC7                               00000007
RCEN                              00000003
RCIDL                             00000006
RCIE                              00000005
RCIF                              00000005
RCIP                              00000005
RCMT                              00000006
RCON                              00000FD0
RCREG                             00000FAE
RCSTA                             00000FAB
RD                                00000000
RD16                              00000007
RE3                               00000003
RESTORE_INTERRUPTS                
RI                                00000004
RSEN                              00000001
RX                                00000007
RX9                               00000006
RX9D                              00000000
RXDTP                             00000005
R_W                               00000002
S                                 00000003
SBOREN                            00000006
SCK                               00000003
SCKP                              00000004
SCL                               00000003
MPASM  5.22                          FREE.ASM   6-18-2009  21:55:11         PAGE 24


SYMBOL TABLE
  LABEL                             VALUE 

SCS0                              00000000
SCS1                              00000001
SDA                               00000004
SDI                               00000004
SDO                               00000005
SEN                               00000000
SENDB                             00000003
SMP                               00000007
SP0                               00000000
SP1                               00000001
SP2                               00000002
SP3                               00000003
SP4                               00000004
SPBRG                             00000FAF
SPBRGH                            00000FB0
SPEN                              00000007
SREN                              00000005
SS                                00000005
SSPADD                            00000FC8
SSPBUF                            00000FC9
SSPCON1                           00000FC6
SSPCON2                           00000FC5
SSPEN                             00000005
SSPIE                             00000003
SSPIF                             00000003
SSPIP                             00000003
SSPM0                             00000000
SSPM1                             00000001
SSPM2                             00000002
SSPM3                             00000003
SSPOV                             00000006
SSPSTAT                           00000FC7
STACK_SIZE                        0x100
STATUS                            00000FD8
STKFUL                            00000007
STKOVF                            00000007
STKPTR                            00000FFC
STKPTR0                           00000000
STKPTR1                           00000001
STKPTR2                           00000002
STKPTR3                           00000003
STKPTR4                           00000004
STKUNF                            00000006
SWDTE                             00000000
SWDTEN                            00000000
SYNC                              00000004
T016BIT                           00000006
T08BIT                            00000006
T0CKI                             00000004
T0CON                             00000FD5
T0CS                              00000005
T0IE                              00000005
T0IF                              00000002
MPASM  5.22                          FREE.ASM   6-18-2009  21:55:11         PAGE 25


SYMBOL TABLE
  LABEL                             VALUE 

T0PS0                             00000000
T0PS1                             00000001
T0PS2                             00000002
T0SE                              00000004
T13CKI                            00000000
T1CKI                             00000000
T1CKPS0                           00000004
T1CKPS1                           00000005
T1CON                             00000FCD
T1OSCEN                           00000003
T1OSI                             00000001
T1OSO                             00000000
T1RUN                             00000006
T1SYNC                            00000002
T2CKPS0                           00000000
T2CKPS1                           00000001
T2CON                             00000FCA
T2OUTPS0                          00000003
T2OUTPS1                          00000004
T2OUTPS2                          00000005
T2OUTPS3                          00000006
T3CCP1                            00000003
T3CCP2                            00000006
T3CKPS0                           00000004
T3CKPS1                           00000005
T3CON                             00000FB1
T3SYNC                            00000002
TABLAT                            00000FF5
TBLPTR                            00000FF6
TBLPTRH                           00000FF7
TBLPTRL                           00000FF6
TBLPTRU                           00000FF8
TMR0H                             00000FD7
TMR0IE                            00000005
TMR0IF                            00000002
TMR0IP                            00000002
TMR0L                             00000FD6
TMR0ON                            00000007
TMR1CS                            00000001
TMR1H                             00000FCF
TMR1IE                            00000000
TMR1IF                            00000000
TMR1IP                            00000000
TMR1L                             00000FCE
TMR1ON                            00000000
TMR2                              00000FCC
TMR2IE                            00000001
TMR2IF                            00000001
TMR2IP                            00000001
TMR2ON                            00000002
TMR3CS                            00000001
TMR3H                             00000FB3
TMR3IE                            00000001
MPASM  5.22                          FREE.ASM   6-18-2009  21:55:11         PAGE 26


SYMBOL TABLE
  LABEL                             VALUE 

TMR3IF                            00000001
TMR3IP                            00000001
TMR3L                             00000FB2
TMR3ON                            00000000
TO                                00000003
TOS                               00000FFD
TOSH                              00000FFE
TOSL                              00000FFD
TOSU                              00000FFF
TRISA                             00000F92
TRISA0                            00000000
TRISA1                            00000001
TRISA2                            00000002
TRISA3                            00000003
TRISA4                            00000004
TRISA5                            00000005
TRISA6                            00000006
TRISA7                            00000007
TRISB                             00000F93
TRISB0                            00000000
TRISB1                            00000001
TRISB2                            00000002
TRISB3                            00000003
TRISB4                            00000004
TRISB5                            00000005
TRISB6                            00000006
TRISB7                            00000007
TRISC                             00000F94
TRISC0                            00000000
TRISC1                            00000001
TRISC2                            00000002
TRISC3                            00000003
TRISC4                            00000004
TRISC5                            00000005
TRISC6                            00000006
TRISC7                            00000007
TRMT                              00000001
TUN0                              00000000
TUN1                              00000001
TUN2                              00000002
TUN3                              00000003
TUN4                              00000004
TX                                00000006
TX9                               00000006
TX9D                              00000000
TXCKP                             00000004
TXEN                              00000005
TXIE                              00000004
TXIF                              00000004
TXIP                              00000004
TXREG                             00000FAD
TXSTA                             00000FAC
UA                                00000001
MPASM  5.22                          FREE.ASM   6-18-2009  21:55:11         PAGE 27


SYMBOL TABLE
  LABEL                             VALUE 

USING_FREE_RTOS                   0
VCFG0                             00000004
VCFG1                             00000005
VDIRMAG                           00000007
VPP                               00000003
W                                 00000000
WCOL                              00000007
WDTCON                            00000FD1
WR                                00000001
WREG                              00000FE8
WREN                              00000002
WRERR                             00000003
WUE                               00000001
Z                                 00000002
_BOREN_NOSLP_2L                   000000FD
_BOREN_OFF_2L                     000000F9
_BOREN_ON_2L                      000000FB
_BOREN_SBORDIS_2L                 000000FF
_BORV_0_2L                        000000E7
_BORV_1_2L                        000000EF
_BORV_2_2L                        000000F7
_BORV_3_2L                        000000FF
_CCP2MX_PORTBE_3H                 000000FE
_CCP2MX_PORTC_3H                  000000FF
_CONFIG1H                         00300001
_CONFIG2H                         00300003
_CONFIG2L                         00300002
_CONFIG3H                         00300005
_CONFIG4L                         00300006
_CONFIG5H                         00300009
_CONFIG5L                         00300008
_CONFIG6H                         0030000B
_CONFIG6L                         0030000A
_CONFIG7H                         0030000D
_CONFIG7L                         0030000C
_CP0_OFF_5L                       000000FF
_CP0_ON_5L                        000000FE
_CP1_OFF_5L                       000000FF
_CP1_ON_5L                        000000FD
_CP2_OFF_5L                       000000FF
_CP2_ON_5L                        000000FB
_CP3_OFF_5L                       000000FF
_CP3_ON_5L                        000000F7
_CPB_OFF_5H                       000000FF
_CPB_ON_5H                        000000BF
_CPD_OFF_5H                       000000FF
_CPD_ON_5H                        0000007F
_DEBUG_OFF_4L                     000000FF
_DEBUG_ON_4L                      0000007F
_DEVID1                           003FFFFE
_DEVID2                           003FFFFF
_EBTR0_OFF_7L                     000000FF
_EBTR0_ON_7L                      000000FE
MPASM  5.22                          FREE.ASM   6-18-2009  21:55:11         PAGE 28


SYMBOL TABLE
  LABEL                             VALUE 

_EBTR1_OFF_7L                     000000FF
_EBTR1_ON_7L                      000000FD
_EBTR2_OFF_7L                     000000FF
_EBTR2_ON_7L                      000000FB
_EBTR3_OFF_7L                     000000FF
_EBTR3_ON_7L                      000000F7
_EBTRB_OFF_7H                     000000FF
_EBTRB_ON_7H                      000000BF
_FCMEN_OFF_1H                     000000BF
_FCMEN_ON_1H                      000000FF
_IDLOC0                           00200000
_IDLOC1                           00200001
_IDLOC2                           00200002
_IDLOC3                           00200003
_IDLOC4                           00200004
_IDLOC5                           00200005
_IDLOC6                           00200006
_IDLOC7                           00200007
_IESO_OFF_1H                      0000007F
_IESO_ON_1H                       000000FF
_LPT1OSC_OFF_3H                   000000FB
_LPT1OSC_ON_3H                    000000FF
_LVP_OFF_4L                       000000FB
_LVP_ON_4L                        000000FF
_MCLRE_OFF_3H                     0000007F
_MCLRE_ON_3H                      000000FF
_OSC_ECIO6_1H                     000000F5
_OSC_EC_1H                        000000F4
_OSC_HSPLL_1H                     000000F6
_OSC_HS_1H                        000000F2
_OSC_INTIO67_1H                   000000F8
_OSC_INTIO7_1H                    000000F9
_OSC_LP_1H                        000000F0
_OSC_RCIO6_1H                     000000F7
_OSC_RC_1H                        000000F3
_OSC_XT_1H                        000000F1
_PBADEN_OFF_3H                    000000FD
_PBADEN_ON_3H                     000000FF
_PWRT_OFF_2L                      000000FF
_PWRT_ON_2L                       000000FE
_STVREN_OFF_4L                    000000FE
_STVREN_ON_4L                     000000FF
_WDTPS_1024_2H                    000000F5
_WDTPS_128_2H                     000000EF
_WDTPS_16384_2H                   000000FD
_WDTPS_16_2H                      000000E9
_WDTPS_1_2H                       000000E1
_WDTPS_2048_2H                    000000F7
_WDTPS_256_2H                     000000F1
_WDTPS_2_2H                       000000E3
_WDTPS_32768_2H                   000000FF
_WDTPS_32_2H                      000000EB
_WDTPS_4096_2H                    000000F9
MPASM  5.22                          FREE.ASM   6-18-2009  21:55:11         PAGE 29


SYMBOL TABLE
  LABEL                             VALUE 

_WDTPS_4_2H                       000000E5
_WDTPS_512_2H                     000000F3
_WDTPS_64_2H                      000000ED
_WDTPS_8192_2H                    000000FB
_WDTPS_8_2H                       000000E7
_WDT_OFF_2H                       000000FE
_WDT_ON_2H                        000000FF
_WRT0_OFF_6L                      000000FF
_WRT0_ON_6L                       000000FE
_WRT1_OFF_6L                      000000FF
_WRT1_ON_6L                       000000FD
_WRT2_OFF_6L                      000000FF
_WRT2_ON_6L                       000000FB
_WRT3_OFF_6L                      000000FF
_WRT3_ON_6L                       000000F7
_WRTB_OFF_6H                      000000FF
_WRTB_ON_6H                       000000BF
_WRTC_OFF_6H                      000000FF
_WRTC_ON_6H                       000000DF
_WRTD_OFF_6H                      000000FF
_WRTD_ON_6H                       0000007F
_XINST_OFF_4L                     000000BF
_XINST_ON_4L                      000000FF
__18F2620                         00000001
__DEBUG                           1
__freelist                        00000000
free                              00000000
p                                 4
q                                 6
r                                 0
xa630                             00000062
xa68e                             000000E0

Errors   :     0
Warnings :     0 reported,     0 suppressed
Messages :     0 reported,     0 suppressed

